Flow report for Exerion
Wed Nov 09 21:06:35 2022
Quartus Prime Version 17.0.2 Build 602 07/19/2017 SJ Lite Edition


---------------------
; Table of Contents ;
---------------------
  1. Legal Notice
  2. Flow Summary
  3. Flow Settings
  4. Flow Non-Default Global Settings
  5. Flow Elapsed Time
  6. Flow OS Summary
  7. Flow Log
  8. Flow Messages
  9. Flow Suppressed Messages



----------------
; Legal Notice ;
----------------
Copyright (C) 2017  Intel Corporation. All rights reserved.
Your use of Intel Corporation's design tools, logic functions 
and other software and tools, and its AMPP partner logic 
functions, and any output files from any of the foregoing 
(including device programming or simulation files), and any 
associated documentation or information are expressly subject 
to the terms and conditions of the Intel Program License 
Subscription Agreement, the Intel Quartus Prime License Agreement,
the Intel MegaCore Function License Agreement, or other 
applicable license agreement, including, without limitation, 
that your use is for the sole purpose of programming logic 
devices manufactured by Intel and sold by Intel or its 
authorized distributors.  Please refer to the applicable 
agreement for further details.



+-------------------------------------------------------------------------------+
; Flow Summary                                                                  ;
+---------------------------------+---------------------------------------------+
; Flow Status                     ; Successful - Wed Nov 09 21:06:35 2022       ;
; Quartus Prime Version           ; 17.0.2 Build 602 07/19/2017 SJ Lite Edition ;
; Revision Name                   ; Exerion                                     ;
; Top-level Entity Name           ; sys_top                                     ;
; Family                          ; Cyclone V                                   ;
; Device                          ; 5CSEBA6U23I7                                ;
; Timing Models                   ; Final                                       ;
; Logic utilization (in ALMs)     ; 16,439 / 41,910 ( 39 % )                    ;
; Total registers                 ; 19247                                       ;
; Total pins                      ; 145 / 314 ( 46 % )                          ;
; Total virtual pins              ; 0                                           ;
; Total block memory bits         ; 1,268,994 / 5,662,720 ( 22 % )              ;
; Total DSP Blocks                ; 28 / 112 ( 25 % )                           ;
; Total HSSI RX PCSs              ; 0                                           ;
; Total HSSI PMA RX Deserializers ; 0                                           ;
; Total HSSI TX PCSs              ; 0                                           ;
; Total HSSI PMA TX Serializers   ; 0                                           ;
; Total PLLs                      ; 4 / 6 ( 67 % )                              ;
; Total DLLs                      ; 0 / 4 ( 0 % )                               ;
+---------------------------------+---------------------------------------------+


+-----------------------------------------+
; Flow Settings                           ;
+-------------------+---------------------+
; Option            ; Setting             ;
+-------------------+---------------------+
; Start date & time ; 11/09/2022 20:53:49 ;
; Main task         ; Compilation         ;
; Revision Name     ; Exerion             ;
+-------------------+---------------------+


+---------------------------------------------------------------------------------------------------------------------------------------------------+
; Flow Non-Default Global Settings                                                                                                                  ;
+------------------------------------------------------+----------------------------------------+--------------------+-------------+----------------+
; Assignment Name                                      ; Value                                  ; Default Value      ; Entity Name ; Section Id     ;
+------------------------------------------------------+----------------------------------------+--------------------+-------------+----------------+
; ADV_NETLIST_OPT_SYNTH_WYSIWYG_REMAP                  ; On                                     ; Off                ; --          ; --             ;
; ALM_REGISTER_PACKING_EFFORT                          ; Low                                    ; Medium             ; --          ; --             ;
; AUTO_DELAY_CHAINS_FOR_HIGH_FANOUT_INPUT_PINS         ; On                                     ; Off                ; --          ; --             ;
; COMPILER_SIGNATURE_ID                                ; 48751573503084.166804882920748         ; --                 ; --          ; --             ;
; ECO_OPTIMIZE_TIMING                                  ; On                                     ; Off                ; --          ; --             ;
; EDA_ENABLE_GLITCH_FILTERING                          ; Off                                    ; --                 ; --          ; eda_simulation ;
; EDA_OUTPUT_DATA_FORMAT                               ; Verilog Hdl                            ; --                 ; --          ; eda_simulation ;
; EDA_SIMULATION_TOOL                                  ; ModelSim-Altera (Verilog)              ; <None>             ; --          ; --             ;
; EDA_TIME_SCALE                                       ; 1 ps                                   ; --                 ; --          ; eda_simulation ;
; ENABLE_DRC_SETTINGS                                  ; On                                     ; Off                ; --          ; --             ;
; ENABLE_SIGNALTAP                                     ; On                                     ; --                 ; --          ; --             ;
; FINAL_PLACEMENT_OPTIMIZATION                         ; Always                                 ; Automatically      ; --          ; --             ;
; FITTER_EFFORT                                        ; Standard Fit                           ; Auto Fit           ; --          ; --             ;
; MAX_CORE_JUNCTION_TEMP                               ; 100                                    ; --                 ; --          ; --             ;
; MIN_CORE_JUNCTION_TEMP                               ; -40                                    ; --                 ; --          ; --             ;
; MISC_FILE                                            ; rtl/pll.cmp                            ; --                 ; --          ; --             ;
; MISC_FILE                                            ; sys/pll_hdmi.cmp                       ; --                 ; --          ; --             ;
; MISC_FILE                                            ; sys/pll_audio.cmp                      ; --                 ; --          ; --             ;
; MISC_FILE                                            ; sys/pll_cfg.cmp                        ; --                 ; --          ; --             ;
; MUX_RESTRUCTURE                                      ; Off                                    ; Auto               ; --          ; --             ;
; NUM_PARALLEL_PROCESSORS                              ; All                                    ; --                 ; --          ; --             ;
; OPTIMIZATION_MODE                                    ; Aggressive Performance                 ; Balanced           ; --          ; --             ;
; OPTIMIZATION_TECHNIQUE                               ; Speed                                  ; Balanced           ; --          ; --             ;
; OPTIMIZE_POWER_DURING_SYNTHESIS                      ; Off                                    ; Normal compilation ; --          ; --             ;
; PARTITION_COLOR                                      ; -- (Not supported for targeted family) ; --                 ; sys_top     ; Top            ;
; PARTITION_FITTER_PRESERVATION_LEVEL                  ; -- (Not supported for targeted family) ; --                 ; sys_top     ; Top            ;
; PARTITION_NETLIST_TYPE                               ; -- (Not supported for targeted family) ; --                 ; sys_top     ; Top            ;
; PERIPHERY_TO_CORE_PLACEMENT_AND_ROUTING_OPTIMIZATION ; On                                     ; Off                ; --          ; --             ;
; PHYSICAL_SYNTHESIS_ASYNCHRONOUS_SIGNAL_PIPELINING    ; On                                     ; Off                ; --          ; --             ;
; PHYSICAL_SYNTHESIS_COMBO_LOGIC                       ; On                                     ; Off                ; --          ; --             ;
; PHYSICAL_SYNTHESIS_EFFORT                            ; Extra                                  ; Normal             ; --          ; --             ;
; PHYSICAL_SYNTHESIS_REGISTER_DUPLICATION              ; On                                     ; Off                ; --          ; --             ;
; PHYSICAL_SYNTHESIS_REGISTER_RETIMING                 ; On                                     ; Off                ; --          ; --             ;
; PLACEMENT_EFFORT_MULTIPLIER                          ; 4.0                                    ; 1.0                ; --          ; --             ;
; POWER_BOARD_THERMAL_MODEL                            ; None (CONSERVATIVE)                    ; --                 ; --          ; --             ;
; POWER_PRESET_COOLING_SOLUTION                        ; 23 MM HEAT SINK WITH 200 LFPM AIRFLOW  ; --                 ; --          ; --             ;
; PRE_FLOW_SCRIPT_FILE                                 ; quartus_sh:sys/build_id.tcl            ; --                 ; --          ; --             ;
; PRE_MAPPING_RESYNTHESIS                              ; On                                     ; Off                ; --          ; --             ;
; PROJECT_OUTPUT_DIRECTORY                             ; output_files                           ; --                 ; --          ; --             ;
; QII_AUTO_PACKED_REGISTERS                            ; Normal                                 ; Auto               ; --          ; --             ;
; REMOVE_REDUNDANT_LOGIC_CELLS                         ; On                                     ; Off                ; --          ; --             ;
; ROUTER_CLOCKING_TOPOLOGY_ANALYSIS                    ; On                                     ; Off                ; --          ; --             ;
; ROUTER_LCELL_INSERTION_AND_LOGIC_DUPLICATION         ; On                                     ; Auto               ; --          ; --             ;
; ROUTER_TIMING_OPTIMIZATION_LEVEL                     ; MAXIMUM                                ; Normal             ; --          ; --             ;
; SHIFT_REGISTER_RECOGNITION_ACLR_SIGNAL               ; Off                                    ; On                 ; --          ; --             ;
; SLD_FILE                                             ; db/stp1_auto_stripped.stp              ; --                 ; --          ; --             ;
; SMART_RECOMPILE                                      ; On                                     ; Off                ; --          ; --             ;
; SYNTHESIS_ONLY_QIP                                   ; On                                     ; --                 ; --          ; --             ;
; SYNTHESIS_ONLY_QIP                                   ; On                                     ; --                 ; --          ; --             ;
; SYNTHESIS_ONLY_QIP                                   ; On                                     ; --                 ; --          ; --             ;
; SYNTHESIS_ONLY_QIP                                   ; On                                     ; --                 ; --          ; --             ;
; SYNTH_GATED_CLOCK_CONVERSION                         ; On                                     ; Off                ; --          ; --             ;
; TOP_LEVEL_ENTITY                                     ; sys_top                                ; Exerion            ; --          ; --             ;
; USE_SIGNALTAP_FILE                                   ; output_files/stp1.stp                  ; --                 ; --          ; --             ;
; VERILOG_MACRO                                        ; MISTER_FB=0                            ; --                 ; --          ; --             ;
+------------------------------------------------------+----------------------------------------+--------------------+-------------+----------------+


+-------------------------------------------------------------------------------------------------------------------------------+
; Flow Elapsed Time                                                                                                             ;
+---------------------------+--------------+-------------------------+---------------------+------------------------------------+
; Module Name               ; Elapsed Time ; Average Processors Used ; Peak Virtual Memory ; Total CPU Time (on all processors) ;
+---------------------------+--------------+-------------------------+---------------------+------------------------------------+
; Analysis & Synthesis      ; 00:01:58     ; 3.7                     ; 5592 MB             ; 00:03:41                           ;
; Fitter                    ; 00:09:02     ; 1.5                     ; 8338 MB             ; 00:36:12                           ;
; Assembler                 ; 00:00:21     ; 1.0                     ; 5124 MB             ; 00:00:21                           ;
; TimeQuest Timing Analyzer ; 00:00:40     ; 3.8                     ; 6170 MB             ; 00:02:18                           ;
; Design Assistant          ; 00:00:13     ; 1.1                     ; 5219 MB             ; 00:00:15                           ;
; EDA Netlist Writer        ; 00:00:12     ; 1.0                     ; 5192 MB             ; 00:00:12                           ;
; Total                     ; 00:12:26     ; --                      ; --                  ; 00:42:59                           ;
+---------------------------+--------------+-------------------------+---------------------+------------------------------------+


+-----------------------------------------------------------------------------------------+
; Flow OS Summary                                                                         ;
+---------------------------+------------------+------------+------------+----------------+
; Module Name               ; Machine Hostname ; OS Name    ; OS Version ; Processor type ;
+---------------------------+------------------+------------+------------+----------------+
; Analysis & Synthesis      ; DESKTOP-HNNR7R0  ; Windows 10 ; 10.0       ; x86_64         ;
; Fitter                    ; DESKTOP-HNNR7R0  ; Windows 10 ; 10.0       ; x86_64         ;
; Assembler                 ; DESKTOP-HNNR7R0  ; Windows 10 ; 10.0       ; x86_64         ;
; TimeQuest Timing Analyzer ; DESKTOP-HNNR7R0  ; Windows 10 ; 10.0       ; x86_64         ;
; Design Assistant          ; DESKTOP-HNNR7R0  ; Windows 10 ; 10.0       ; x86_64         ;
; EDA Netlist Writer        ; DESKTOP-HNNR7R0  ; Windows 10 ; 10.0       ; x86_64         ;
+---------------------------+------------------+------------+------------+----------------+


------------
; Flow Log ;
------------
quartus_map --read_settings_files=on --write_settings_files=off EXERION -c Exerion
quartus_fit --read_settings_files=off --write_settings_files=off EXERION -c Exerion
quartus_asm --read_settings_files=off --write_settings_files=off EXERION -c Exerion
quartus_sta EXERION -c Exerion
quartus_drc EXERION -c Exerion
quartus_eda --read_settings_files=off --write_settings_files=off EXERION -c Exerion



